# serializer version: 1
# name: test_LaMa
  MaskedImageModelDescriptor(
    architecture=LaMaArch(
      id='LaMa',
      name='LaMa',
    ),
    input_channels=3,
    output_channels=3,
    purpose='Inpainting',
    scale=1,
    size_requirements=SizeRequirements(minimum=16, multiple_of=8, square=False),
    supports_bfloat16=True,
    supports_half=False,
    tags=list([
    ]),
    tiling=<ModelTiling.SUPPORTED: 1>,
  )
# ---
