# serializer version: 1
# name: test_dncnn_color_blind
  ImageModelDescriptor(
    architecture=DPIRArch(
      id='DPIR',
      name='DPIR',
    ),
    input_channels=3,
    output_channels=3,
    purpose='Restoration',
    scale=1,
    size_requirements=SizeRequirements(minimum=0, multiple_of=1, square=False),
    supports_bfloat16=True,
    supports_half=False,
    tags=list([
      'DnCNN',
      '64nc',
      '20nb',
    ]),
    tiling=<ModelTiling.SUPPORTED: 1>,
  )
# ---
