# serializer version: 1
# name: test_b_indoor
  ImageModelDescriptor(
    architecture=MixDehazeNetArch(
      id='MixDehazeNet',
      name='MixDehazeNet',
    ),
    input_channels=3,
    output_channels=3,
    purpose='Restoration',
    scale=1,
    size_requirements=SizeRequirements(minimum=40, multiple_of=1, square=False),
    supports_bfloat16=True,
    supports_half=False,
    tags=list([
      'big',
    ]),
    tiling=<ModelTiling.DISCOURAGED: 2>,
  )
# ---
