# serializer version: 1
# name: test_LOLv1
  ImageModelDescriptor(
    architecture=HVICIDNetArch(
      id='HVICIDNet',
      name='HVI-CIDNet',
    ),
    input_channels=3,
    output_channels=3,
    purpose='Restoration',
    scale=1,
    size_requirements=SizeRequirements(minimum=0, multiple_of=8, square=False),
    supports_bfloat16=True,
    supports_half=False,
    tags=list([
    ]),
    tiling=<ModelTiling.DISCOURAGED: 2>,
  )
# ---
