# serializer version: 1
# name: test_LUD_VAE_sidd
  ImageModelDescriptor(
    architecture=LUDVAEArch(
      id='LUDVAE',
      name='LUDVAE',
    ),
    input_channels=3,
    output_channels=3,
    purpose='Restoration',
    scale=1,
    size_requirements=SizeRequirements(minimum=0, multiple_of=1, square=False),
    supports_bfloat16=True,
    supports_half=False,
    tags=list([
      '128nf',
    ]),
    tiling=<ModelTiling.SUPPORTED: 1>,
  )
# ---
