# serializer version: 1
# name: test_CodeFormer
  ImageModelDescriptor(
    architecture=CodeFormerArch(
      id='CodeFormer',
      name='CodeFormer',
    ),
    input_channels=3,
    bytes=376450828,
    output_channels=3,
    purpose='FaceSR',
    scale=1,
    size_requirements=SizeRequirements(minimum=0, multiple_of=512, square=True),
    supports_bfloat16=True,
    supports_half=False,
    tags=list([
    ]),
    tiling=<ModelTiling.SUPPORTED: 1>,
  )
# ---
