# serializer version: 1
# name: test_SPAN_x4_ch48
  ImageModelDescriptor(
    architecture=SPANArch(
      id='SPAN',
      name='SPAN',
    ),
    input_channels=3,
    output_channels=3,
    purpose='SR',
    scale=4,
    size_requirements=SizeRequirements(minimum=0, multiple_of=1, square=False),
    supports_bfloat16=True,
    supports_half=True,
    tags=list([
      '48nf',
    ]),
    tiling=<ModelTiling.SUPPORTED: 1>,
  )
# ---
