# serializer version: 1
# name: test_IPT_denoise50
  ImageModelDescriptor(
    architecture=IPTArch(
      id='IPT',
      name='IPT',
    ),
    input_channels=3,
    output_channels=3,
    purpose='Restoration',
    scale=1,
    size_requirements=SizeRequirements(minimum=48, multiple_of=1, square=False),
    supports_bfloat16=True,
    supports_half=False,
    tags=list([
      '64nf',
      '3pd',
      '12nh',
      '12nl',
    ]),
    tiling=<ModelTiling.SUPPORTED: 1>,
  )
# ---
