# serializer version: 1
# name: test_pretrain
  ImageModelDescriptor(
    architecture=CAINArch(
      id='CAIN',
      name='CAIN',
    ),
    input_channels=3,
    output_channels=3,
    purpose='Restoration',
    scale=1,
    size_requirements=SizeRequirements(minimum=0, multiple_of=1, square=False),
    supports_bfloat16=True,
    supports_half=True,
    tags=list([
      '3depth',
    ]),
    tiling=<ModelTiling.SUPPORTED: 1>,
  )
# ---
