# serializer version: 1
# name: test_RestoreFormer
  ImageModelDescriptor(
    architecture=RestoreFormerArch(
      id='RestoreFormer',
      name='RestoreFormer',
    ),
    input_channels=3,
    bytes=290720012,
    output_channels=3,
    purpose='FaceSR',
    scale=1,
    size_requirements=SizeRequirements(minimum=0, multiple_of=32, square=False),
    supports_bfloat16=True,
    supports_half=False,
    tags=list([
    ]),
    tiling=<ModelTiling.SUPPORTED: 1>,
  )
# ---
