# serializer version: 1
# name: test_GFPGAN_1_2
  ImageModelDescriptor(
    architecture=GFPGANArch(
      id='GFPGAN',
      name='GFPGAN',
    ),
    input_channels=3,
    output_channels=3,
    purpose='FaceSR',
    scale=1,
    size_requirements=SizeRequirements(minimum=512, multiple_of=1, square=False),
    supports_bfloat16=True,
    supports_half=False,
    tags=list([
    ]),
    tiling=<ModelTiling.SUPPORTED: 1>,
  )
# ---
# name: test_GFPGAN_1_3
  ImageModelDescriptor(
    architecture=GFPGANArch(
      id='GFPGAN',
      name='GFPGAN',
    ),
    input_channels=3,
    output_channels=3,
    purpose='FaceSR',
    scale=1,
    size_requirements=SizeRequirements(minimum=512, multiple_of=1, square=False),
    supports_bfloat16=True,
    supports_half=False,
    tags=list([
    ]),
    tiling=<ModelTiling.SUPPORTED: 1>,
  )
# ---
# name: test_GFPGAN_1_4
  ImageModelDescriptor(
    architecture=GFPGANArch(
      id='GFPGAN',
      name='GFPGAN',
    ),
    input_channels=3,
    output_channels=3,
    purpose='FaceSR',
    scale=1,
    size_requirements=SizeRequirements(minimum=512, multiple_of=1, square=False),
    supports_bfloat16=True,
    supports_half=False,
    tags=list([
    ]),
    tiling=<ModelTiling.SUPPORTED: 1>,
  )
# ---
